[muneshwerstravel.com/index.html]
[backblue.gif]
[fade.gif]
[index.html]
[muneshwerstravel.com/sites/default/files/favicon.png]
[muneshwerstravel.com/sites/default/files/css/css_lQaZfjVpwP_oGNqdtWCSpJT1EMqXdMiU84ekLLxQnc4.css]
[muneshwerstravel.com/sites/default/files/css/css_IkEOQO1HT0Jg2jY9p5NbHO1xxsKhAg7mwNYS-w2t4IU.css]
[muneshwerstravel.com/sites/default/files/css/css_MfLXjHNS8ry3if1vS9doIkfmyPQ-5UhvK__p3IOPfoI.css]
[netdna.bootstrapcdn.com/font-awesome/4.0.1/css/font-awesome.min9278.css]
[muneshwerstravel.com/sites/default/files/css/css_1T02mBM-H75vHBsMOr3K_ALgW5o4xJypnEHopoh4MQU.css]
[maxcdn.bootstrapcdn.com/font-awesome/4.4.0/css/font-awesome.min.css]
[muneshwerstravel.com/sites/default/files/css/css_blk6Iis0Fw7CBEyUtOstj7pTjF4zIrpIC_7ISIkybKs.css]
[cdn.jsdelivr.net/bootswatch/3.3.5/yeti/bootstrap.min.css]
[muneshwerstravel.com/sites/default/files/js/js_TmFfA3BXvZk6IUuc7H4KkXGE9yFnuSuqrqEqPoBx4Pc.js]
[cdn.jsdelivr.net/bootstrap/3.3.5/js/bootstrap.min.js]
[muneshwerstravel.com/sites/default/files/js/js_gVVU84IemIMFy71NIR-XB3WG5pTs5rrCWjYGVPHff_k.js]
[www.google-analytics.com/analytics.js]
[muneshwerstravel.com/js/wow.min.11.delayed]
[muneshwerstravel.com/sites/default/files/logo_booking.png]
[muneshwerstravel.com/flight.html]
[muneshwerstravel.com/hotels.html]
[muneshwerstravel.com/CONTACT.html]
[aff.bstatic.com/static/affiliate_base/js/flexiproduct.js]
[muneshwerstravel.com/sites/default/files/styles/560x460/public/PalmBeach145c.jpg]
[muneshwerstravel.com/sites/default/files/styles/560x460/public/miami39c5.jpg]
[muneshwerstravel.com/sites/default/files/styles/560x460/public/willemstad3a76.jpg]
[muneshwerstravel.com/sites/default/files/styles/560x460/public/barbados-vacation8cbf.jpg]
[muneshwerstravel.com/sites/default/files/styles/560x460/public/new york toura764.jpg]
[muneshwerstravel.com/sites/default/files/styles/560x460/public/trinidadccc5.jpg]
[muneshwerstravel.com/sites/default/files/styles/140x140/public/rounded agent48ca.png]
[muneshwerstravel.com/sites/default/files/styles/140x140/public/trust-iconefb1.png]
[muneshwerstravel.com/sites/default/files/styles/140x140/public/i-256-shield-ok-circle-blue8c5a.png]
[muneshwerstravel.com/sites/all/themes/impelic/img/logo.png]
[muneshwerstravel.com/sites/all/themes/impelic/img/iata.png]
[muneshwerstravel.com/sites/all/themes/impelic/img/mastercard.png]
[muneshwerstravel.com/sites/all/themes/impelic/img/visa.png]
[muneshwerstravel.com/sites/all/themes/impelic/img/american-express.png]
[muneshwerstravel.com/sites/all/themes/impelic/img/discover.png]
[muneshwerstravel.com/flights/united-states.html]
[muneshwerstravel.com/flights/trinidad.html]
[muneshwerstravel.com/flights/suriname.html]
[muneshwerstravel.com/flights/panama.html]
[muneshwerstravel.com/flights/jamaica.html]
[muneshwerstravel.com/flights/curacao.html]
[muneshwerstravel.com/flights/barbados.html]
[muneshwerstravel.com/flights/aruba.html]
[muneshwerstravel.com/flights/antigua.html]
[muneshwerstravel.com/content/international-hotels.html]
[muneshwerstravel.com/content/international-flights.html]
[muneshwerstravel.com/content/domestic-hotels.html]
[muneshwerstravel.com/content/domestic-flights.html]
[muneshwerstravel.com/content/car-rentals.html]
[muneshwerstravel.com/contact-2.html]
[muneshwerstravel.com/about-us.html]
[cdn.iflychat.com/js/iflychat-v2.min29b7.js]
[muneshwerstravel.com/index.html]
[muneshwerstravel.com/sites/default/files/js/js_FbpwIZNwgzwEuuL4Q2HOM07BOSCY5LxL_gwSK4ohQBM.js]
[fonts.googleapis.com/css43d5.css]
[muneshwerstravel.com/flight.html]
[muneshwerstravel.com/node/18.html]
[muneshwerstravel.com/hotels.html]
[muneshwerstravel.com/node/17.html]
[muneshwerstravel.com/sites/default/files/js/js_H7q2xORKmR9AN8Qx5spKEIBp7R_wG2apAswJoCUZY7I.js]
[muneshwerstravel.com/sites/default/files/js/js_mMuSdRh5NeaBYvACFdfxYZFykbM62b1Ir0OkbP8m74A.js]
[muneshwerstravel.com/CONTACT.html]
[muneshwerstravel.com/node/20.html]
[muneshwerstravel.com/flights/js/wow.min.3e.delayed]
[muneshwerstravel.com/flights/contact]
[muneshwerstravel.com/flights/united-states.html]
[muneshwerstravel.com/flights/trinidad.html]
[muneshwerstravel.com/node/21.html]
[muneshwerstravel.com/flights/suriname.html]
[muneshwerstravel.com/node/27.html]
[muneshwerstravel.com/flights/panama.html]
[muneshwerstravel.com/node/25.html]
[muneshwerstravel.com/flights/jamaica.html]
[muneshwerstravel.com/node/28.html]
[muneshwerstravel.com/flights/curacao.html]
[muneshwerstravel.com/node/23.html]
[muneshwerstravel.com/flights/barbados.html]
[muneshwerstravel.com/node/26.html]
[muneshwerstravel.com/flights/aruba.html]
[muneshwerstravel.com/node/22.html]
[muneshwerstravel.com/flights/antigua.html]
[muneshwerstravel.com/node/24.html]
[muneshwerstravel.com/node/32.html]
[muneshwerstravel.com/content/js/wow.min.js]
[muneshwerstravel.com/content/contact]
[muneshwerstravel.com/content/international-hotels.html]
[muneshwerstravel.com/content/international-flights.html]
[muneshwerstravel.com/node/30.html]
[muneshwerstravel.com/content/domestic-hotels.html]
[muneshwerstravel.com/node/31.html]
[muneshwerstravel.com/content/domestic-flights.html]
[muneshwerstravel.com/node/29.html]
[muneshwerstravel.com/content/car-rentals.html]
[muneshwerstravel.com/contact-2.html]
[muneshwerstravel.com/node/35.html]
[muneshwerstravel.com/about-us.html]
[muneshwerstravel.com/node/41.html]
[muneshwerstravel.com/node/js/wow.min.js]
[muneshwerstravel.com/node/contact]
[muneshwerstravel.com/node/18.html]
[muneshwerstravel.com/node/17.html]
[muneshwerstravel.com/node/20.html]
[muneshwerstravel.com/flights/contact.html]
[muneshwerstravel.com/node/21.html]
[muneshwerstravel.com/node/27.html]
[muneshwerstravel.com/node/25.html]
[muneshwerstravel.com/node/28.html]
[muneshwerstravel.com/node/23.html]
[muneshwerstravel.com/node/26.html]
[muneshwerstravel.com/node/22.html]
[muneshwerstravel.com/node/24.html]
[muneshwerstravel.com/node/32.html]
[muneshwerstravel.com/content/contact.html]
[muneshwerstravel.com/node/30.html]
[muneshwerstravel.com/node/31.html]
[muneshwerstravel.com/node/29.html]
[muneshwerstravel.com/node/35.html]
[muneshwerstravel.com/node/41.html]
[muneshwerstravel.com/node/contact.html]
[muneshwerstravel.com/sites/default/files/js/js_gVVU84IemIMFy71NIR-XB3WG5pTs5rrCWjYGVPHff_k.js]
[muneshwerstravel.com/sites/default/files/css/css_lQaZfjVpwP_oGNqdtWCSpJT1EMqXdMiU84ekLLxQnc4.css]
[muneshwerstravel.com/sites/default/files/logo_booking.png]
[muneshwerstravel.com/sites/default/files/css/css_IkEOQO1HT0Jg2jY9p5NbHO1xxsKhAg7mwNYS-w2t4IU.css]
[aff.bstatic.com/static/affiliate_base/js/flexiproduct.js]
[muneshwerstravel.com/sites/all/modules/ctools/images/status-active.gif]
[muneshwerstravel.com/sites/default/files/css/css_MfLXjHNS8ry3if1vS9doIkfmyPQ-5UhvK__p3IOPfoI.css]
[muneshwerstravel.com/sites/default/files/styles/560x460/public/PalmBeach145c.jpg]
[muneshwerstravel.com/sites/default/files/styles/560x460/public/miami39c5.jpg]
[muneshwerstravel.com/sites/default/files/styles/560x460/public/willemstad3a76.jpg]
[netdna.bootstrapcdn.com/font-awesome/4.0.1/fonts/fontawesome-webfont9b1a.svg]
[netdna.bootstrapcdn.com/font-awesome/4.0.1/css/font-awesome.min9278.css]
[muneshwerstravel.com/sites/default/files/styles/560x460/public/barbados-vacation8cbf.jpg]
[muneshwerstravel.com/sites/default/files/css/css_1T02mBM-H75vHBsMOr3K_ALgW5o4xJypnEHopoh4MQU.css]
[muneshwerstravel.com/sites/default/files/styles/560x460/public/new york toura764.jpg]
[muneshwerstravel.com/sites/default/files/styles/560x460/public/trinidadccc5.jpg]
[maxcdn.bootstrapcdn.com/font-awesome/4.4.0/css/font-awesome.min.css]
[maxcdn.bootstrapcdn.com/font-awesome/4.4.0/fonts/fontawesome-webfont93e3.svg]
[muneshwerstravel.com/sites/default/files/styles/140x140/public/rounded agent48ca.png]
[muneshwerstravel.com/sites/default/files/styles/140x140/public/trust-iconefb1.png]
[cdn.jsdelivr.net/bootswatch/3.3.5/yeti/bootstrap.min.css]
[cdn.jsdelivr.net/bootswatch/3.3.5/fonts/glyphicons-halflings-regular.svg]
[muneshwerstravel.com/sites/default/files/styles/140x140/public/i-256-shield-ok-circle-blue8c5a.png]
[muneshwerstravel.com/sites/all/themes/impelic/img/bg-image2.jpg]
[cdn.iflychat.com/js/iflychat-v2.min29b7.js]
[muneshwerstravel.com/sites/default/files/js/js_FbpwIZNwgzwEuuL4Q2HOM07BOSCY5LxL_gwSK4ohQBM.js]
[muneshwerstravel.com/sites/all/themes/impelic/img/background.jpg]
[muneshwerstravel.com/sites/all/themes/impelic/img/antigua.jpg]
[muneshwerstravel.com/sites/all/themes/impelic/img/brooklyn-bridge.jpg]
[muneshwerstravel.com/sites/all/themes/impelic/img/trinidad-carnival.jpg]
[muneshwerstravel.com/sites/all/themes/impelic/img/panama-canal.jpg]
[muneshwerstravel.com/sites/all/themes/impelic/img/suriname.jpg]
[muneshwerstravel.com/sites/all/themes/impelic/img/jamaica.jpg]
[muneshwerstravel.com/sites/all/themes/impelic/img/willemstad.jpg]
[muneshwerstravel.com/sites/all/themes/impelic/img/barbados.jpg]
[muneshwerstravel.com/sites/all/themes/impelic/img/aruba.jpg]
[muneshwerstravel.com/sites/default/files/css/css_blk6Iis0Fw7CBEyUtOstj7pTjF4zIrpIC_7ISIkybKs.css]
[muneshwerstravel.com/sites/all/themes/impelic/img/bg-image2.jpg]
[muneshwerstravel.com/js/wow.min.html]
[muneshwerstravel.com/sites/all/themes/impelic/img/background.jpg]
[muneshwerstravel.com/sites/all/themes/impelic/img/antigua.jpg]
[muneshwerstravel.com/flight.html]
[muneshwerstravel.com/sites/all/themes/impelic/img/brooklyn-bridge.jpg]
[muneshwerstravel.com/sites/all/themes/impelic/img/trinidad-carnival.jpg]
[muneshwerstravel.com/sites/all/themes/impelic/img/suriname.jpg]
[muneshwerstravel.com/sites/all/themes/impelic/img/panama-canal.jpg]
[muneshwerstravel.com/sites/all/themes/impelic/img/jamaica.jpg]
[muneshwerstravel.com/sites/all/themes/impelic/img/barbados.jpg]
[muneshwerstravel.com/sites/all/themes/impelic/img/aruba.jpg]
[muneshwerstravel.com/node/18.html]
[muneshwerstravel.com/flights/js/wow.min.html]
[muneshwerstravel.com/content/js/wow.min.html]
[muneshwerstravel.com/node/js/wow.min.html]
[netdna.bootstrapcdn.com/font-awesome/4.0.1/fonts/fontawesome-webfont9b1a.svg]
[maxcdn.bootstrapcdn.com/font-awesome/4.4.0/fonts/fontawesome-webfont93e3.svg]
[cdn.jsdelivr.net/bootswatch/3.3.5/fonts/glyphicons-halflings-regular.svg]
[localhost_8080/socket.io/socket.io.js]
[static.dohop.com/swl/js/iframe6839.js]
