[booking.travelspan.com/stw/stwproductb548.html]
[backblue.gif]
[fade.gif]
[index.html]
[booking.travelspan.com/STW/TSPAN/Styles.css]
[booking.travelspan.com/STW/TSPAN/StylesLargeFont.css]
[booking.travelspan.com/STW/TSPAN/StylesTOC.css]
[booking.travelspan.com/STW/utils.js]
[booking.travelspan.com/res/Calendar/jscalendar.js]
[booking.travelspan.com/STW/changefont.js]
[booking.travelspan.com/STW/TSPAN/jquery.min.js]
[booking.travelspan.com/STW/TSPAN/TSPANNew.css]
[booking.travelspan.com/STW/TSPAN/ajaxscript.js]
[booking.travelspan.com/STW/STWProducte72d.html]
[booking.travelspan.com/stw/stwproductb548.html]
[booking.travelspan.com/STW/STWProduct3a68.html]
[booking.travelspan.com/STW/TSPAN/StyleResortList.css]
[booking.travelspan.com/STW/Calendar/jscalendar.js]
[www.google-analytics.com/analytics.js]
[www.travelspan.com/sites/default/files/favicon.ico]
[cdn.jsdelivr.net/bootswatch/3.3.7/yeti/bootstrap.min.css]
[use.fontawesome.com/7e417fb3b0.js]
[connect.facebook.net/en_US/fbevents.js]
[www.facebook.com/tr1e01.gif]
[www.travelspan.com/sites/default/files/logo.jpg]
[booking.travelspan.com/STW/TSPAN/Pics/NoImage.gif]
[booking.travelspan.com/images/MBJ/MBJ 360 x 900 TS 8-29-17.jpg]
[booking.travelspan.com/STW/STWDescription642c.html]
[booking.travelspan.com/STW/TSPAN/Pics/Star4.gif]
[booking.travelspan.com/STW/TSPAN/Pics/date_picker.gif]
[booking.travelspan.com/STW/TSPAN/Pics/Softrip.gif]
[booking.travelspan.com/STW/STWProducte72d.html]
[booking.travelspan.com/images/PUJ/PUJ 360 x 1200 2.jpg]
[booking.travelspan.com/images/PUJ/sdq.jpg]
[booking.travelspan.com/STW/STWDescriptionab62.html]
[booking.travelspan.com/STW/STWProducta3f2.html]
[booking.travelspan.com/STW/STWDescriptione742.html]
[booking.travelspan.com/STW/TSPAN/Pics/Star5.gif]
[booking.travelspan.com/STW/STWDescriptionfddb.html]
[booking.travelspan.com/STW/STWDescription8a60.html]
[booking.travelspan.com/STW/STWDescriptione2ed.html]
[booking.travelspan.com/STW/STWDescription18e8.html]
[booking.travelspan.com/STW/STWProduct3a68.html]
[booking.travelspan.com/STW/TSPAN/Pics/star4-2.gif]
[booking.travelspan.com/images/MBJ/GBPJ/GBPJAM_JAM_EXT_002_med.jpg]
[booking.travelspan.com/images/MBJ/GBPJ/grand bahia prin jam beach1.jpg]
[booking.travelspan.com/images/MBJ/GBPJ/grand bahia prin jam beach.jpg]
[booking.travelspan.com/STW/STWDescription.html]
[booking.travelspan.com/images/MBJ/GBPJ/grand bahia prin jam pool2.jpg]
[booking.travelspan.com/images/MBJ/GBPJ/grand bahia prin jam pool.jpg]
[booking.travelspan.com/images/MBJ/GBPJ/grand bahia prin jam pool1.jpg]
[booking.travelspan.com/images/MBJ/GBPJ/grand bahia prin jam poolside1.jpg]
[booking.travelspan.com/images/MBJ/GBPJ/grand bahia prin jam poolside2.jpg]
[booking.travelspan.com/images/MBJ/GBPJ/grand bahia prin jam poolside4.jpg]
[booking.travelspan.com/images/MBJ/GBPJ/grand bahia prin jam poolside.jpg]
[booking.travelspan.com/images/MBJ/GBPJ/grand bahia prin jam rest.jpg]
[booking.travelspan.com/images/MBJ/GBPJ/grand bahia prin jam rest1.jpg]
[booking.travelspan.com/images/MBJ/GBPJ/grand bahia prin jam rest2.jpg]
[booking.travelspan.com/images/MBJ/GBPJ/grand bahia prin jam rest3.jpg]
[booking.travelspan.com/images/MBJ/GBPJ/grand bahia prin jam rest4.jpg]
[booking.travelspan.com/images/MBJ/GBPJ/grand bahia prin jam waterpark.jpg]
[booking.travelspan.com/images/MBJ/GBPJ/grand bahia prin jam waterpark1.jpg]
[booking.travelspan.com/images/MBJ/GBPJ/grand bahia prin jam spa.jpg]
[booking.travelspan.com/images/MBJ/GBPJ/grand bahia prin jam spa1.jpg]
[booking.travelspan.com/images/MBJ/GBPJ/grand bahia prin jam bed.jpg]
[booking.travelspan.com/images/MBJ/GBPJ/grand bahia prin jam wedding gazzebo.jpg]
[booking.travelspan.com/STW/STWDescription642c.html]
[booking.travelspan.com/images/Hotel Images/Grand Oasis Punta Cana Resort/Image001.jpg]
[booking.travelspan.com/images/Hotel Images/Grand Oasis Punta Cana Resort/Image002.jpg]
[booking.travelspan.com/images/Hotel Images/Grand Oasis Punta Cana Resort/Image003.jpg]
[booking.travelspan.com/images/Hotel Images/Grand Oasis Punta Cana Resort/Image004.jpg]
[booking.travelspan.com/images/Hotel Images/Grand Oasis Punta Cana Resort/Image005.jpg]
[booking.travelspan.com/images/Hotel Images/Grand Oasis Punta Cana Resort/Image006.jpg]
[booking.travelspan.com/images/Hotel Images/Grand Oasis Punta Cana Resort/Image007.jpg]
[booking.travelspan.com/images/Hotel Images/Grand Oasis Punta Cana Resort/Image008.jpg]
[booking.travelspan.com/images/Hotel Images/Grand Oasis Punta Cana Resort/Image009.jpg]
[booking.travelspan.com/images/Hotel Images/Grand Oasis Punta Cana Resort/Image010.jpg]
[booking.travelspan.com/images/Hotel Images/Grand Oasis Punta Cana Resort/Image011.jpg]
[booking.travelspan.com/images/Hotel Images/Grand Oasis Punta Cana Resort/Image012.jpg]
[booking.travelspan.com/images/Hotel Images/Grand Oasis Punta Cana Resort/Image013.jpg]
[booking.travelspan.com/images/Hotel Images/Grand Oasis Punta Cana Resort/Image014.jpg]
[booking.travelspan.com/images/Hotel Images/Grand Oasis Punta Cana Resort/Image015.jpg]
[booking.travelspan.com/images/Hotel Images/Grand Oasis Punta Cana Resort/Image016.jpg]
[booking.travelspan.com/images/Hotel Images/Grand Oasis Punta Cana Resort/Image017.jpg]
[booking.travelspan.com/images/Hotel Images/Grand Oasis Punta Cana Resort/Image018.jpg]
[booking.travelspan.com/images/Hotel Images/Grand Oasis Punta Cana Resort/Image019.jpg]
[booking.travelspan.com/images/Hotel Images/Grand Oasis Punta Cana Resort/Image020.jpg]
[booking.travelspan.com/images/Hotel Images/Grand Oasis Punta Cana Resort/Image021.jpg]
[booking.travelspan.com/STW/STWDescriptionab62.html]
[booking.travelspan.com/STW/STWProducta3f2.html]
[booking.travelspan.com/STW/TSPAN/Pics/star5-2.gif]
[booking.travelspan.com/images/pool1bahiafantasia.jpg]
[booking.travelspan.com/images/poolsidebahiafantasia.jpg]
[booking.travelspan.com/images/waterparkbahiafantasia.jpg]
[booking.travelspan.com/images/waterslidebahiafantasia.jpg]
[booking.travelspan.com/images/beachbahiafantasia.jpg]
[booking.travelspan.com/images/kids clubbahiafantasia.jpg]
[booking.travelspan.com/images/beach restaurantbahiafantasia.jpg]
[booking.travelspan.com/images/bella italia restaurant.jpg]
[booking.travelspan.com/STW/STWDescriptione742.html]
[booking.travelspan.com/images/be live adults only pool1.jpg]
[booking.travelspan.com/images/be live adults only pool.jpg]
[booking.travelspan.com/images/be live adults only beach.jpg]
[booking.travelspan.com/images/be live adults only aqua.jpg]
[booking.travelspan.com/images/be live adults only rest.jpg]
[booking.travelspan.com/images/be live adults ony rest1.jpg]
[booking.travelspan.com/images/be live adults only rest2.jpg]
[booking.travelspan.com/images/be live adults only rest3.jpg]
[booking.travelspan.com/images/be live adults only bedroom.jpg]
[booking.travelspan.com/images/be live adults only bedroom1.jpg]
[booking.travelspan.com/images/be live adults only bedroom2.jpg]
[booking.travelspan.com/images/be live adults only bedroom3.jpg]
[booking.travelspan.com/images/be live adults only bedroom4.jpg]
[booking.travelspan.com/images/be live adults only bedroom5.jpg]
[booking.travelspan.com/STW/STWDescriptionfddb.html]
[booking.travelspan.com/images/Hotel Images/Barcelo Bavaro Beach/barcelo bavaro beach beach.jpg]
[booking.travelspan.com/images/Hotel Images/Barcelo Bavaro Beach/barcelo bavaro beach beach3.jpg]
[booking.travelspan.com/images/Hotel Images/Barcelo Bavaro Beach/barcelo bavaro beach beach2.jpg]
[booking.travelspan.com/images/Hotel Images/Barcelo Bavaro Beach/barcelo bavaro beach beach1.jpg]
[booking.travelspan.com/images/Hotel Images/Barcelo Bavaro Beach/barcelo bavaro beach pool.jpg]
[booking.travelspan.com/images/Hotel Images/Barcelo Bavaro Beach/barcelo bavaro beach pool3.jpg]
[booking.travelspan.com/images/Hotel Images/Barcelo Bavaro Beach/barcelo bavaro beach pool2.jpg]
[booking.travelspan.com/images/Hotel Images/Barcelo Bavaro Beach/barcelo bavaro beach pool1.jpg]
[booking.travelspan.com/images/Hotel Images/Barcelo Bavaro Beach/barcelo bavaro beach spa.jpg]
[booking.travelspan.com/images/Hotel Images/Barcelo Bavaro Beach/barcelo bavaro beach tennis.jpg]
[booking.travelspan.com/images/Hotel Images/Barcelo Bavaro Beach/barcelo bavaro beach gym.jpg]
[booking.travelspan.com/images/Hotel Images/Barcelo Bavaro Beach/barcelo bavaro beach restaurant.jpg]
[booking.travelspan.com/images/Hotel Images/Barcelo Bavaro Beach/barcelo bavaro beach banquet room.jpg]
[booking.travelspan.com/images/Hotel Images/Barcelo Bavaro Beach/barcelo bavaro beach conference room.jpg]
[booking.travelspan.com/images/Hotel Images/Barcelo Bavaro Beach/barcelo bavaro beach conference room1.jpg]
[booking.travelspan.com/images/Hotel Images/Barcelo Bavaro Beach/barcelo bavaro beach5.jpg]
[booking.travelspan.com/images/Hotel Images/Barcelo Bavaro Beach/barcelo bavaro beach bedroom.jpg]
[booking.travelspan.com/images/Hotel Images/Barcelo Bavaro Beach/barcelo bavaro beach bedroom1.jpg]
[booking.travelspan.com/images/Hotel Images/Barcelo Bavaro Beach/barcelo bavaro beach bedroom2.jpg]
[booking.travelspan.com/images/Hotel Images/Barcelo Bavaro Beach/barcelo bavaro beach bedroom3.jpg]
[booking.travelspan.com/images/Hotel Images/Barcelo Bavaro Beach/barcelo bavaro beach bedroom4.jpg]
[booking.travelspan.com/images/Hotel Images/Barcelo Bavaro Beach/barcelo bavaro beach bedroom6.jpg]
[booking.travelspan.com/images/Hotel Images/Barcelo Bavaro Beach/barcelo bavaro beach grounds.jpg]
[booking.travelspan.com/images/Hotel Images/Barcelo Bavaro Beach/barcelo bavaro beach grounds1.jpg]
[booking.travelspan.com/STW/STWDescription8a60.html]
[booking.travelspan.com/images/Hotel Images/Barcelo Bavaro Palace/barcelo bavaro palace beach.jpg]
[booking.travelspan.com/images/Hotel Images/Barcelo Bavaro Palace/barcelo bavaro palace beach2.jpg]
[booking.travelspan.com/images/Hotel Images/Barcelo Bavaro Palace/barcelo bavaro palace beach1.jpg]
[booking.travelspan.com/images/Hotel Images/Barcelo Bavaro Palace/barcelo bavaro palace pool3.jpg]
[booking.travelspan.com/images/Hotel Images/Barcelo Bavaro Palace/barcelo bavaro palace pool4.jpg]
[booking.travelspan.com/images/Hotel Images/Barcelo Bavaro Palace/barcelo bavaro palace pool.jpg]
[booking.travelspan.com/images/Hotel Images/Barcelo Bavaro Palace/barcelo bavaro palace pool1.jpg]
[booking.travelspan.com/images/Hotel Images/Barcelo Bavaro Palace/barcelo bavaro palace pool2.jpg]
[booking.travelspan.com/images/Hotel Images/Barcelo Bavaro Palace/barcelo bavaro palace pool8.jpg]
[booking.travelspan.com/images/Hotel Images/Barcelo Bavaro Palace/barcelo bavaro palace pool6.jpg]
[booking.travelspan.com/images/Hotel Images/Barcelo Bavaro Palace/barcelo bavaro palace pool5.jpg]
[booking.travelspan.com/images/Hotel Images/Barcelo Bavaro Palace/barcelo bavaro palace pool7.jpg]
[booking.travelspan.com/images/Hotel Images/Barcelo Bavaro Palace/barcelo bavaro palace spa.jpg]
[booking.travelspan.com/images/Hotel Images/Barcelo Bavaro Palace/Barcelo bavaro palace bar.jpg]
[booking.travelspan.com/images/Hotel Images/Barcelo Bavaro Palace/barcelo bavaro palace restaurant.jpg]
[booking.travelspan.com/images/Hotel Images/Barcelo Bavaro Palace/barcelo bavaro palace restaurant1.jpg]
[booking.travelspan.com/images/Hotel Images/Barcelo Bavaro Palace/Barcelo bavaro palace restaurant2.jpg]
[booking.travelspan.com/images/Hotel Images/Barcelo Bavaro Palace/barcelo bavaro palace restaurant3.jpg]
[booking.travelspan.com/images/Hotel Images/Barcelo Bavaro Palace/Bacelo bavaro Palace bedroom.jpg]
[booking.travelspan.com/images/Hotel Images/Barcelo Bavaro Palace/Barcelo bavaro palace bedroom1.jpg]
[booking.travelspan.com/images/Hotel Images/Barcelo Bavaro Palace/Barcelo bavaro palace bedroom2.jpg]
[booking.travelspan.com/images/Hotel Images/Barcelo Bavaro Palace/barcelo bavaro palace bedroom3.jpg]
[booking.travelspan.com/images/Hotel Images/Barcelo Bavaro Palace/barcelo bavaro palace bedroom4.jpg]
[booking.travelspan.com/images/Hotel Images/Barcelo Bavaro Palace/barcelo bavaro palace bedroom5.jpg]
[booking.travelspan.com/images/Hotel Images/Barcelo Bavaro Palace/barcelo bavaro palace bedroom6.jpg]
[booking.travelspan.com/STW/STWDescriptione2ed.html]
[booking.travelspan.com/images/lux ambar puj pool.jpg]
[booking.travelspan.com/images/lux ambar puj pool1.jpg]
[booking.travelspan.com/images/lux ambar puj poolside.jpg]
[booking.travelspan.com/images/lux ambar puj poolside1.jpg]
[booking.travelspan.com/images/lux ambar puj beach.jpg]
[booking.travelspan.com/images/lux ambar puj beach1.jpg]
[booking.travelspan.com/images/lux ambar puj restaurant.jpg]
[booking.travelspan.com/images/lux ambar puj restaurant1.jpg]
[booking.travelspan.com/images/lux ambar puj restaurant2.jpg]
[booking.travelspan.com/images/lux ambar puj restaurant3.jpg]
[booking.travelspan.com/images/lux ambar puj restaurant4.jpg]
[booking.travelspan.com/images/lux ambar puj restaurant5.jpg]
[booking.travelspan.com/images/lux ambar puj restaurant6.jpg]
[booking.travelspan.com/images/lux ambar puj sports bar.jpg]
[booking.travelspan.com/images/lux ambar puj sports bar1.jpg]
[booking.travelspan.com/images/lux ambar puj bedroom1.jpg]
[booking.travelspan.com/images/lux ambar puj bedroom3.jpg]
[booking.travelspan.com/STW/STWDescription18e8.html]
[booking.travelspan.com/STW/TSPAN/Pics/star0.gif]
[booking.travelspan.com/STW/STWDescription.html]
[booking.travelspan.com/STW/TSPAN/jquery.min.js]
[use.fontawesome.com/7e417fb3b0.js]
[www.travelspan.com/sites/default/files/favicon.ico]
[booking.travelspan.com/STW/TSPAN/Pics/topnav-bg.gif]
[booking.travelspan.com/images/MBJ/MBJ 360 x 900 TS 8-29-17.jpg]
[booking.travelspan.com/STW/TSPAN/Pics/Star4.gif]
[booking.travelspan.com/images/PUJ/PUJ 360 x 1200 2.jpg]
[booking.travelspan.com/images/MBJ/GBPJ/GBPJAM_JAM_EXT_002_med.jpg]
[booking.travelspan.com/STW/TSPAN/Pics/topnav-arrow-right.gif]
[booking.travelspan.com/images/MBJ/GBPJ/grand bahia prin jam pool.jpg]
[booking.travelspan.com/images/MBJ/GBPJ/grand bahia prin jam poolside2.jpg]
[booking.travelspan.com/images/MBJ/GBPJ/grand bahia prin jam poolside4.jpg]
[booking.travelspan.com/STW/TSPAN/Pics/topnav-arrow-right-over.gif]
[booking.travelspan.com/images/MBJ/GBPJ/grand bahia prin jam poolside.jpg]
[booking.travelspan.com/images/MBJ/GBPJ/grand bahia prin jam rest1.jpg]
[booking.travelspan.com/images/MBJ/GBPJ/grand bahia prin jam rest.jpg]
[booking.travelspan.com/images/MBJ/GBPJ/grand bahia prin jam rest2.jpg]
[booking.travelspan.com/images/MBJ/GBPJ/grand bahia prin jam rest3.jpg]
[booking.travelspan.com/images/MBJ/GBPJ/grand bahia prin jam rest4.jpg]
[booking.travelspan.com/images/MBJ/GBPJ/grand bahia prin jam waterpark.jpg]
[booking.travelspan.com/images/MBJ/GBPJ/grand bahia prin jam waterpark1.jpg]
[booking.travelspan.com/images/MBJ/GBPJ/grand bahia prin jam bed.jpg]
[booking.travelspan.com/images/MBJ/GBPJ/grand bahia prin jam spa1.jpg]
[booking.travelspan.com/images/Hotel Images/Grand Oasis Punta Cana Resort/Image001.jpg]
[booking.travelspan.com/images/Hotel Images/Grand Oasis Punta Cana Resort/Image002.jpg]
[booking.travelspan.com/images/Hotel Images/Grand Oasis Punta Cana Resort/Image004.jpg]
[booking.travelspan.com/images/Hotel Images/Grand Oasis Punta Cana Resort/Image005.jpg]
[booking.travelspan.com/images/Hotel Images/Grand Oasis Punta Cana Resort/Image006.jpg]
[booking.travelspan.com/images/Hotel Images/Grand Oasis Punta Cana Resort/Image008.jpg]
[booking.travelspan.com/images/Hotel Images/Grand Oasis Punta Cana Resort/Image009.jpg]
[booking.travelspan.com/images/Hotel Images/Grand Oasis Punta Cana Resort/Image011.jpg]
[booking.travelspan.com/images/Hotel Images/Grand Oasis Punta Cana Resort/Image012.jpg]
[booking.travelspan.com/images/Hotel Images/Grand Oasis Punta Cana Resort/Image013.jpg]
[booking.travelspan.com/images/Hotel Images/Grand Oasis Punta Cana Resort/Image014.jpg]
[booking.travelspan.com/images/Hotel Images/Grand Oasis Punta Cana Resort/Image016.jpg]
[booking.travelspan.com/images/Hotel Images/Grand Oasis Punta Cana Resort/Image018.jpg]
[booking.travelspan.com/images/Hotel Images/Grand Oasis Punta Cana Resort/Image019.jpg]
[booking.travelspan.com/images/Hotel Images/Grand Oasis Punta Cana Resort/Image017.jpg]
[booking.travelspan.com/images/Hotel Images/Grand Oasis Punta Cana Resort/Image020.jpg]
[booking.travelspan.com/STW/TSPAN/Pics/star5-2.gif]
[booking.travelspan.com/images/Hotel Images/Grand Oasis Punta Cana Resort/Image021.jpg]
[booking.travelspan.com/images/poolsidebahiafantasia.jpg]
[booking.travelspan.com/images/waterparkbahiafantasia.jpg]
[booking.travelspan.com/STW/TSPAN/Pics/box1-title-bg.gif]
[booking.travelspan.com/images/waterslidebahiafantasia.jpg]
[booking.travelspan.com/images/beach restaurantbahiafantasia.jpg]
[booking.travelspan.com/images/bella italia restaurant.jpg]
[booking.travelspan.com/images/be live adults only pool1.jpg]
[booking.travelspan.com/STW/TSPAN/Pics/box2-title-bg.gif]
[booking.travelspan.com/STW/TSPAN/Pics/toc-link-button-on.gif]
[booking.travelspan.com/images/be live adults only beach.jpg]
[booking.travelspan.com/images/be live adults only pool.jpg]
[booking.travelspan.com/images/be live adults only aqua.jpg]
[booking.travelspan.com/STW/TSPAN/Pics/step-bg1.gif]
[booking.travelspan.com/images/be live adults only rest.jpg]
[booking.travelspan.com/images/be live adults ony rest1.jpg]
[booking.travelspan.com/images/be live adults only rest2.jpg]
[booking.travelspan.com/images/be live adults only rest3.jpg]
[booking.travelspan.com/STW/TSPAN/Pics/step-bg2.gif]
[booking.travelspan.com/images/be live adults only bedroom1.jpg]
[booking.travelspan.com/images/be live adults only bedroom3.jpg]
[booking.travelspan.com/images/be live adults only bedroom2.jpg]
[booking.travelspan.com/images/be live adults only bedroom4.jpg]
[booking.travelspan.com/STW/TSPAN/Pics/box1-title-bg4.gif]
[booking.travelspan.com/images/be live adults only bedroom5.jpg]
[booking.travelspan.com/images/Hotel Images/Barcelo Bavaro Beach/barcelo bavaro beach beach.jpg]
[booking.travelspan.com/STW/TSPAN/Pics/tab1-top-left.gif]
[booking.travelspan.com/images/Hotel Images/Barcelo Bavaro Beach/barcelo bavaro beach beach3.jpg]
[booking.travelspan.com/images/Hotel Images/Barcelo Bavaro Beach/barcelo bavaro beach beach2.jpg]
[booking.travelspan.com/images/Hotel Images/Barcelo Bavaro Beach/barcelo bavaro beach beach1.jpg]
[booking.travelspan.com/images/Hotel Images/Barcelo Bavaro Beach/barcelo bavaro beach pool3.jpg]
[booking.travelspan.com/STW/TSPAN/Pics/tab1-top-bg.gif]
[booking.travelspan.com/images/Hotel Images/Barcelo Bavaro Beach/barcelo bavaro beach pool2.jpg]
[booking.travelspan.com/images/Hotel Images/Barcelo Bavaro Beach/barcelo bavaro beach pool1.jpg]
[booking.travelspan.com/STW/TSPAN/Pics/tab1-end.gif]
[booking.travelspan.com/images/Hotel Images/Barcelo Bavaro Beach/barcelo bavaro beach spa.jpg]
[booking.travelspan.com/images/Hotel Images/Barcelo Bavaro Beach/barcelo bavaro beach tennis.jpg]
[booking.travelspan.com/images/Hotel Images/Barcelo Bavaro Beach/barcelo bavaro beach restaurant.jpg]
[booking.travelspan.com/images/Hotel Images/Barcelo Bavaro Beach/barcelo bavaro beach gym.jpg]
[booking.travelspan.com/STW/TSPAN/Pics/tab1-bottom.gif]
[booking.travelspan.com/images/Hotel Images/Barcelo Bavaro Beach/barcelo bavaro beach banquet room.jpg]
[booking.travelspan.com/images/Hotel Images/Barcelo Bavaro Beach/barcelo bavaro beach conference room1.jpg]
[booking.travelspan.com/images/Hotel Images/Barcelo Bavaro Beach/barcelo bavaro beach conference room.jpg]
[booking.travelspan.com/images/Hotel Images/Barcelo Bavaro Beach/barcelo bavaro beach5.jpg]
[booking.travelspan.com/STW/TSPAN/Pics/pkg-head-top-left.gif]
[booking.travelspan.com/images/Hotel Images/Barcelo Bavaro Beach/barcelo bavaro beach bedroom.jpg]
[booking.travelspan.com/images/Hotel Images/Barcelo Bavaro Beach/barcelo bavaro beach bedroom1.jpg]
[booking.travelspan.com/images/Hotel Images/Barcelo Bavaro Beach/barcelo bavaro beach bedroom3.jpg]
[booking.travelspan.com/images/Hotel Images/Barcelo Bavaro Beach/barcelo bavaro beach bedroom2.jpg]
[booking.travelspan.com/STW/TSPAN/Pics/pkg-head-top-right.gif]
[booking.travelspan.com/images/Hotel Images/Barcelo Bavaro Beach/barcelo bavaro beach bedroom4.jpg]
[booking.travelspan.com/images/Hotel Images/Barcelo Bavaro Beach/barcelo bavaro beach bedroom6.jpg]
[booking.travelspan.com/images/Hotel Images/Barcelo Bavaro Beach/barcelo bavaro beach grounds.jpg]
[booking.travelspan.com/images/Hotel Images/Barcelo Bavaro Beach/barcelo bavaro beach grounds1.jpg]
[booking.travelspan.com/STW/TSPAN/Pics/pkg-head-top-spacer.gif]
[booking.travelspan.com/images/Hotel Images/Barcelo Bavaro Palace/barcelo bavaro palace beach.jpg]
[booking.travelspan.com/images/Hotel Images/Barcelo Bavaro Palace/barcelo bavaro palace pool4.jpg]
[booking.travelspan.com/images/Hotel Images/Barcelo Bavaro Palace/barcelo bavaro palace pool.jpg]
[booking.travelspan.com/images/Hotel Images/Barcelo Bavaro Palace/barcelo bavaro palace pool1.jpg]
[booking.travelspan.com/STW/TSPAN/Pics/menu-bg2-on.gif]
[booking.travelspan.com/images/Hotel Images/Barcelo Bavaro Palace/barcelo bavaro palace pool2.jpg]
[booking.travelspan.com/images/Hotel Images/Barcelo Bavaro Palace/barcelo bavaro palace pool8.jpg]
[booking.travelspan.com/images/Hotel Images/Barcelo Bavaro Palace/barcelo bavaro palace pool6.jpg]
[booking.travelspan.com/images/Hotel Images/Barcelo Bavaro Palace/barcelo bavaro palace pool5.jpg]
[booking.travelspan.com/STW/TSPAN/Pics/tab1-bottom2.gif]
[booking.travelspan.com/images/Hotel Images/Barcelo Bavaro Palace/barcelo bavaro palace pool7.jpg]
[booking.travelspan.com/images/Hotel Images/Barcelo Bavaro Palace/barcelo bavaro palace spa.jpg]
[booking.travelspan.com/images/Hotel Images/Barcelo Bavaro Palace/Barcelo bavaro palace bar.jpg]
[booking.travelspan.com/STW/TSPAN/Pics/menu-bg1-off.gif]
[booking.travelspan.com/images/Hotel Images/Barcelo Bavaro Palace/barcelo bavaro palace restaurant1.jpg]
[booking.travelspan.com/images/Hotel Images/Barcelo Bavaro Palace/barcelo bavaro palace restaurant3.jpg]
[booking.travelspan.com/images/Hotel Images/Barcelo Bavaro Palace/Barcelo bavaro palace restaurant2.jpg]
[booking.travelspan.com/STW/TSPAN/Pics/menu-bg1-on.gif]
[booking.travelspan.com/images/Hotel Images/Barcelo Bavaro Palace/Bacelo bavaro Palace bedroom.jpg]
[booking.travelspan.com/images/Hotel Images/Barcelo Bavaro Palace/barcelo bavaro palace bedroom3.jpg]
[booking.travelspan.com/images/Hotel Images/Barcelo Bavaro Palace/Barcelo bavaro palace bedroom2.jpg]
[booking.travelspan.com/STW/TSPAN/Pics/weather-bg1.gif]
[booking.travelspan.com/images/Hotel Images/Barcelo Bavaro Palace/barcelo bavaro palace bedroom6.jpg]
[booking.travelspan.com/images/lux ambar puj pool.jpg]
[booking.travelspan.com/images/lux ambar puj poolside.jpg]
[booking.travelspan.com/images/lux ambar puj poolside1.jpg]
[booking.travelspan.com/STW/TSPAN/Pics/fade.jpg]
[booking.travelspan.com/images/lux ambar puj beach.jpg]
[booking.travelspan.com/images/lux ambar puj beach1.jpg]
[booking.travelspan.com/images/lux ambar puj restaurant.jpg]
[booking.travelspan.com/STW/TSPAN/Pics/toc-head-blue-bg.gif]
[booking.travelspan.com/images/lux ambar puj restaurant1.jpg]
[booking.travelspan.com/images/lux ambar puj restaurant2.jpg]
[booking.travelspan.com/images/lux ambar puj restaurant3.jpg]
[booking.travelspan.com/images/lux ambar puj restaurant4.jpg]
[booking.travelspan.com/STW/TSPAN/Pics/toc-head-blue-split.gif]
[booking.travelspan.com/images/lux ambar puj restaurant5.jpg]
[booking.travelspan.com/images/lux ambar puj restaurant6.jpg]
[booking.travelspan.com/images/lux ambar puj sports bar1.jpg]
[booking.travelspan.com/STW/TSPAN/Pics/underline-on.gif]
[booking.travelspan.com/images/lux ambar puj bedroom1.jpg]
[booking.travelspan.com/images/lux ambar puj bedroom3.jpg]
[booking.travelspan.com/STW/TSPAN/Pics/topnav-arrow-right.gif]
[booking.travelspan.com/STW/TSPAN/Pics/star0.gif]
[booking.travelspan.com/STW/TSPAN/Pics/title-bg-gold.gif]
[booking.travelspan.com/STW/TSPAN/Pics/pkg-head-top-right.gif]
[booking.travelspan.com/STW/TSPAN/Pics/toc-head-blue-split.gif]
[booking.travelspan.com/STW/TSPAN/Pics/pkg-head-top-bg.gif]
[booking.travelspan.com/STW/TSPAN/Pics/title-bg-ltblue.gif]
[booking.travelspan.com/STW/TSPAN/Pics/pkg-head-top-bg.gif]
[booking.travelspan.com/STW/TSPAN/Pics/title-bg-red.gif]
[booking.travelspan.com/STW/TSPAN/Pics/title-bg-red2.gif]
[booking.travelspan.com/STW/TSPAN/Pics/title-bg-red2.gif]
[booking.travelspan.com/STW/TSPAN/Pics/title-bg-ltred.gif]
[booking.travelspan.com/STW/TSPAN/Pics/title-bg-blue.gif]
[booking.travelspan.com/STW/TSPAN/Pics/title-bg-ltred.gif]
[booking.travelspan.com/STW/TSPAN/Pics/title-bg-white.gif]
[booking.travelspan.com/STW/TSPAN/Pics/box1-title-bg3.gif]
[booking.travelspan.com/STW/TSPAN/Pics/toctab-header-left.gif]
[booking.travelspan.com/STW/TSPAN/Pics/toctab-header-right.gif]
[booking.travelspan.com/STW/TSPAN/Pics/toctab-header-bg.gif]
[booking.travelspan.com/STW/TSPAN/Pics/toctab-header-bg.gif]
[booking.travelspan.com/STW/TSPAN/Pics/toc-link2-button-on.gif]
[booking.travelspan.com/STW/TSPAN/Pics/toc-link-button-off.gif]
[booking.travelspan.com/STW/TSPAN/Styles.css]
[booking.travelspan.com/STW/TSPAN/StylesLargeFont.css]
[booking.travelspan.com/STW/TSPAN/Pics/toc-link-button-active.gif]
[booking.travelspan.com/STW/TSPAN/Pics/toc-link2-button-off.gif]
[booking.travelspan.com/STW/TSPAN/Pics/toc-seohead-top.gif]
[booking.travelspan.com/STW/TSPAN/Pics/toc-seohead-bottom.gif]
[booking.travelspan.com/STW/TSPAN/StylesTOC.css]
[booking.travelspan.com/STW/TSPAN/Pics/shopform-bg.gif]
[booking.travelspan.com/STW/TSPAN/TSPANNew.css]
[booking.travelspan.com/STW/TSPAN/Pics/searchtaboff.gif]
[booking.travelspan.com/STW/TSPAN/StyleResortList.css]
[booking.travelspan.com/STW/FitTabs.html]
[www.travelspan.com/libraries/slick/slick/slick17db.css]
[www.travelspan.com/modules/slick/css/layout/slick.module17db.css]
[www.travelspan.com/core/modules/system/css/components/align.module17db.css]
[www.travelspan.com/core/modules/system/css/components/fieldgroup.module17db.css]
[www.travelspan.com/core/modules/system/css/components/container-inline.module17db.css]
[www.travelspan.com/core/modules/system/css/components/clearfix.module17db.css]
[www.travelspan.com/core/modules/system/css/components/details.module17db.css]
[www.travelspan.com/core/modules/system/css/components/hidden.module17db.css]
[www.travelspan.com/core/modules/system/css/components/item-list.module17db.css]
[www.travelspan.com/core/modules/system/css/components/js.module17db.css]
[www.travelspan.com/core/modules/system/css/components/nowrap.module17db.css]
[www.travelspan.com/core/modules/system/css/components/position-container.module17db.css]
[www.travelspan.com/core/modules/system/css/components/progress.module17db.css]
[www.travelspan.com/core/modules/system/css/components/reset-appearance.module17db.css]
[www.travelspan.com/core/modules/system/css/components/resize.module17db.css]
[www.travelspan.com/core/modules/system/css/components/sticky-header.module17db.css]
[www.travelspan.com/core/modules/system/css/components/tablesort.module17db.css]
[www.travelspan.com/core/misc/tree.png]
[www.travelspan.com/core/misc/tree-bottom.png]
[www.travelspan.com/core/modules/system/css/components/tree-child.module17db.css]
[www.travelspan.com/core/modules/views/css/views.module17db.css]
[www.travelspan.com/core/assets/vendor/jquery.ui/themes/base/core17db.css]
[www.travelspan.com/core/assets/vendor/jquery.ui/themes/base/tabs17db.css]
[www.travelspan.com/modules/blazy/css/components/blazy.grid17db.css]
[www.travelspan.com/modules/blazy/css/components/blazy.loading17db.css]
[www.travelspan.com/modules/video_embed_field/css/video_embed_field.responsive-video17db.css]
[www.travelspan.com/core/assets/vendor/jquery.ui/themes/base/images/ui-bg_flat_75_ffffff_40x100.png]
[www.travelspan.com/core/assets/vendor/jquery.ui/themes/base/images/ui-bg_highlight-soft_75_cccccc_1x100.png]
[www.travelspan.com/core/assets/vendor/jquery.ui/themes/base/images/ui-bg_glass_75_e6e6e6_1x400.png]
[www.travelspan.com/core/assets/vendor/jquery.ui/themes/base/images/ui-bg_glass_75_dadada_1x400.png]
[www.travelspan.com/core/assets/vendor/jquery.ui/themes/base/images/ui-bg_glass_65_ffffff_1x400.png]
[www.travelspan.com/core/assets/vendor/jquery.ui/themes/base/images/ui-bg_glass_55_fbf9ee_1x400.png]
[www.travelspan.com/core/assets/vendor/jquery.ui/themes/base/images/ui-bg_glass_95_fef1ec_1x400.png]
[www.travelspan.com/core/assets/vendor/jquery.ui/themes/base/images/ui-icons_222222_256x240.png]
[www.travelspan.com/core/assets/vendor/jquery.ui/themes/base/images/ui-icons_888888_256x240.png]
[www.travelspan.com/core/assets/vendor/jquery.ui/themes/base/images/ui-icons_454545_256x240.png]
[www.travelspan.com/core/assets/vendor/jquery.ui/themes/base/images/ui-icons_2e83ff_256x240.png]
[www.travelspan.com/core/assets/vendor/jquery.ui/themes/base/images/ui-icons_cd0a0a_256x240.png]
[www.travelspan.com/core/assets/vendor/jquery.ui/themes/base/images/ui-bg_flat_0_aaaaaa_40x100.png]
[www.travelspan.com/core/assets/vendor/jquery.ui/themes/base/theme17db.css]
[www.travelspan.com/libraries/slick/slick/ajax-loader.gif]
[www.travelspan.com/libraries/slick/slick/fonts/slick.eot]
[www.travelspan.com/libraries/slick/slick/fonts/slickd41d.eot]
[www.travelspan.com/libraries/slick/slick/fonts/slick.woff]
[www.travelspan.com/libraries/slick/slick/fonts/slick.ttf]
[www.travelspan.com/libraries/slick/slick/slick-theme17db.css]
[www.travelspan.com/modules/slick/css/theme/slick.theme17db.css]
[cdn.jsdelivr.net/bootswatch/3.3.7/yeti/bootstrap.min.css]
[cdn.jsdelivr.net/bootswatch/3.3.7/fonts/glyphicons-halflings-regular.svg]
[www.travelspan.com/themes/bootstrap/css/3.3.7/overrides-yeti.min17db.css]
[www.travelspan.com/themes/travelspan/img/eastern-airlines.jpg]
[www.travelspan.com/themes/travelspan/img/SandalsSt-Lucia.jpg]
[www.travelspan.com/themes/travelspan/img/call-us.1a9.delayed]
[www.travelspan.com/themes/travelspan/css/style17db.css]
[connect.facebook.net/en_US/fbevents.js]
[booking.travelspan.com/STW/STWDescription642c.html]
[booking.travelspan.com/STW/TSPAN/Pics/spacer.html]
[booking.travelspan.com/images/toc/toctab-header-left.html]
[booking.travelspan.com/images/toc/toctab-header-right.html]
[booking.travelspan.com/images/toc/toctab-header-bg.html]
[booking.travelspan.com/images/toc/toctab-header-split.html]
[booking.travelspan.com/images/toc/link2-button-on.html]
[booking.travelspan.com/images/booking/pkg-head-top-bg.html]
[booking.travelspan.com/images/booking/menu-bg2-on.html]
[booking.travelspan.com/STW/TSPAN/Pics/toctab-header-split.html]
[booking.travelspan.com/STW/TSPAN/Pics/link2-button-on.html]
[booking.travelspan.com/VE/LIB/IMG/tp.html]
[booking.travelspan.com/VE/LIB/IMG/th.html]
[booking.travelspan.com/VE/LIB/IMG/tf.html]
[booking.travelspan.com/VE/LIB/IMG/menurtab.html]
[booking.travelspan.com/VE/LIB/IMG/menudtab.html]
[booking.travelspan.com/STW/TSPAN/Pics/actions-title-bg.html]
[booking.travelspan.com/STW/TSPAN/Pics/actions-title-bg-left.html]
[booking.travelspan.com/STW/TSPAN/Pics/actions-title-bg-right.html]
[www.travelspan.com/core/misc/icons/787878/twistie-down.svg]
[www.travelspan.com/core/misc/icons/787878/twistie-up.svg]
[www.travelspan.com/libraries/slick/slick/fonts/slick.svg]
[cdn.jsdelivr.net/bootswatch/3.3.7/fonts/glyphicons-halflings-regular.svg]
[www.travelspan.com/themes/bootstrap/css/images/required.svg]
[www.travelspan.com/themes/travelspan/img/call-us.html]
[booking.travelspan.com/STW/POST.html]
[www.travelspan.com/modules/slick/css/theme/slick.theme--default17db.css]
